V3 63
FL /home/ash-ketchum/Downloads/submission_template/submit/03765796_direct/addop.vhd 2023/05/28.00:41:09 P.20131013
EN work/addop 1687339799 \
      FL /home/ash-ketchum/Downloads/submission_template/submit/03765796_direct/addop.vhd \
      PB ieee/std_logic_1164 1381692176 PB ieee/STD_LOGIC_UNSIGNED 1381692179
AR work/addop/Behavioral 1687339800 \
      FL /home/ash-ketchum/Downloads/submission_template/submit/03765796_direct/addop.vhd \
      EN work/addop 1687339799
FL /home/ash-ketchum/Downloads/submission_template/submit/03765796_direct/mulop.vhd 2023/05/28.00:42:53 P.20131013
EN work/mulop 1687339797 \
      FL /home/ash-ketchum/Downloads/submission_template/submit/03765796_direct/mulop.vhd \
      PB ieee/std_logic_1164 1381692176 PB ieee/STD_LOGIC_UNSIGNED 1381692179
AR work/mulop/Behavioral 1687339798 \
      FL /home/ash-ketchum/Downloads/submission_template/submit/03765796_direct/mulop.vhd \
      EN work/mulop 1687339797
FL /home/ash-ketchum/Downloads/submission_template/submit/03765796_direct/round.vhd 2023/05/28.00:49:07 P.20131013
EN work/round 1687339805 \
      FL /home/ash-ketchum/Downloads/submission_template/submit/03765796_direct/round.vhd \
      PB ieee/std_logic_1164 1381692176
AR work/round/Behavioral 1687339806 \
      FL /home/ash-ketchum/Downloads/submission_template/submit/03765796_direct/round.vhd \
      EN work/round 1687339805 CP mulop CP addop CP xorop
FL /home/ash-ketchum/Downloads/submission_template/submit/03765796_direct/trafo.vhd 2023/05/28.00:46:44 P.20131013
EN work/trafo 1687339809 \
      FL /home/ash-ketchum/Downloads/submission_template/submit/03765796_direct/trafo.vhd \
      PB ieee/std_logic_1164 1381692176
AR work/trafo/Behavioral 1687339810 \
      FL /home/ash-ketchum/Downloads/submission_template/submit/03765796_direct/trafo.vhd \
      EN work/trafo 1687339809 CP mulop CP addop
FL /home/ash-ketchum/Downloads/submission_template/submit/03765796_direct/xorop.vhd 2023/05/28.00:44:28 P.20131013
EN work/xorop 1687339801 \
      FL /home/ash-ketchum/Downloads/submission_template/submit/03765796_direct/xorop.vhd \
      PB ieee/std_logic_1164 1381692176
AR work/xorop/Behavioral 1687339802 \
      FL /home/ash-ketchum/Downloads/submission_template/submit/03765796_direct/xorop.vhd \
      EN work/xorop 1687339801
FL /home/ash-ketchum/Downloads/submission_template/submit/rcs1/clk_div.vhd 2016/04/20.12:48:07 P.20131013
EN work/clk_div 1687339823 \
      FL /home/ash-ketchum/Downloads/submission_template/submit/rcs1/clk_div.vhd \
      PB ieee/std_logic_1164 1381692176 PB ieee/std_logic_arith 1381692177 \
      PB ieee/STD_LOGIC_UNSIGNED 1381692179
AR work/clk_div/Behavioral 1687339824 \
      FL /home/ash-ketchum/Downloads/submission_template/submit/rcs1/clk_div.vhd \
      EN work/clk_div 1687339823
FL /home/ash-ketchum/Downloads/submission_template/submit/rcs1/control.vhd 2023/06/21.11:29:34 P.20131013
EN work/control 1687339811 \
      FL /home/ash-ketchum/Downloads/submission_template/submit/rcs1/control.vhd \
      PB ieee/std_logic_1164 1381692176
AR work/control/Behavioral 1687339812 \
      FL /home/ash-ketchum/Downloads/submission_template/submit/rcs1/control.vhd \
      EN work/control 1687339811
FL /home/ash-ketchum/Downloads/submission_template/submit/rcs1/idea_com.vhd 2016/04/20.12:48:07 P.20131013
EN work/idea_com 1687339827 \
      FL /home/ash-ketchum/Downloads/submission_template/submit/rcs1/idea_com.vhd \
      PB ieee/std_logic_1164 1381692176 PB ieee/std_logic_arith 1381692177 \
      PB ieee/STD_LOGIC_UNSIGNED 1381692179
AR work/idea_com/Behavioral 1687339828 \
      FL /home/ash-ketchum/Downloads/submission_template/submit/rcs1/idea_com.vhd \
      EN work/idea_com 1687339827 CP clk_div CP idea_com_inner
FL /home/ash-ketchum/Downloads/submission_template/submit/rcs1/idea_com_inner.vhd 2017/10/18.18:24:08 P.20131013
EN work/idea_com_inner 1687339825 \
      FL /home/ash-ketchum/Downloads/submission_template/submit/rcs1/idea_com_inner.vhd \
      PB ieee/std_logic_1164 1381692176 PB ieee/std_logic_arith 1381692177 \
      PB ieee/STD_LOGIC_UNSIGNED 1381692179
AR work/idea_com_inner/Behavioral 1687339826 \
      FL /home/ash-ketchum/Downloads/submission_template/submit/rcs1/idea_com_inner.vhd \
      EN work/idea_com_inner 1687339825 CP uart CP idea_single CP mux2x1
FL /home/ash-ketchum/Downloads/submission_template/submit/rcs1/idea_single.vhd 2023/06/19.13:11:27 P.20131013
EN work/idea_single 1687339821 \
      FL /home/ash-ketchum/Downloads/submission_template/submit/rcs1/idea_single.vhd \
      PB ieee/std_logic_1164 1381692176
AR work/idea_single/Structural 1687339822 \
      FL /home/ash-ketchum/Downloads/submission_template/submit/rcs1/idea_single.vhd \
      EN work/idea_single 1687339821 CP mux2x1 CP round CP reg_16bit_edge_trigger \
      CP trafo CP control CP keygen
FL /home/ash-ketchum/Downloads/submission_template/submit/rcs1/keygen.vhd 2023/06/21.10:58:37 P.20131013
EN work/keygen 1687339813 \
      FL /home/ash-ketchum/Downloads/submission_template/submit/rcs1/keygen.vhd \
      PB ieee/std_logic_1164 1381692176
AR work/keygen/Behavioral 1687339814 \
      FL /home/ash-ketchum/Downloads/submission_template/submit/rcs1/keygen.vhd \
      EN work/keygen 1687339813
FL /home/ash-ketchum/Downloads/submission_template/submit/rcs1/mux2x1.vhd 2023/06/17.16:39:49 P.20131013
EN work/mux2x1 1687339803 \
      FL /home/ash-ketchum/Downloads/submission_template/submit/rcs1/mux2x1.vhd \
      PB ieee/std_logic_1164 1381692176
AR work/mux2x1/Behavioral 1687339804 \
      FL /home/ash-ketchum/Downloads/submission_template/submit/rcs1/mux2x1.vhd \
      EN work/mux2x1 1687339803
FL /home/ash-ketchum/Downloads/submission_template/submit/rcs1/reg_16bit_edge_trigger.vhd 2023/06/15.13:36:00 P.20131013
EN work/reg_16bit_edge_trigger 1687339807 \
      FL /home/ash-ketchum/Downloads/submission_template/submit/rcs1/reg_16bit_edge_trigger.vhd \
      PB ieee/std_logic_1164 1381692176
AR work/reg_16bit_edge_trigger/Behavioral 1687339808 \
      FL /home/ash-ketchum/Downloads/submission_template/submit/rcs1/reg_16bit_edge_trigger.vhd \
      EN work/reg_16bit_edge_trigger 1687339807
FL /home/ash-ketchum/Downloads/submission_template/submit/rcs1/rxcver.vhd 2016/04/20.12:48:07 P.20131013
EN work/rxcver 1687339817 \
      FL /home/ash-ketchum/Downloads/submission_template/submit/rcs1/rxcver.vhd \
      PB ieee/std_logic_1164 1381692176 PB ieee/std_logic_arith 1381692177 \
      PB ieee/std_logic_misc 1381692178 PB ieee/STD_LOGIC_UNSIGNED 1381692179
AR work/rxcver/behavior 1687339818 \
      FL /home/ash-ketchum/Downloads/submission_template/submit/rcs1/rxcver.vhd \
      EN work/rxcver 1687339817
FL /home/ash-ketchum/Downloads/submission_template/submit/rcs1/txmit.vhd 2016/04/20.12:48:07 P.20131013
EN work/txmit 1687339815 \
      FL /home/ash-ketchum/Downloads/submission_template/submit/rcs1/txmit.vhd \
      PB ieee/std_logic_1164 1381692176 PB ieee/std_logic_arith 1381692177 \
      PB ieee/std_logic_misc 1381692178 PB ieee/STD_LOGIC_UNSIGNED 1381692179
AR work/txmit/behavior 1687339816 \
      FL /home/ash-ketchum/Downloads/submission_template/submit/rcs1/txmit.vhd \
      EN work/txmit 1687339815
FL /home/ash-ketchum/Downloads/submission_template/submit/rcs1/uart.vhd 2016/04/20.12:48:07 P.20131013
EN work/uart 1687339819 \
      FL /home/ash-ketchum/Downloads/submission_template/submit/rcs1/uart.vhd \
      PB ieee/std_logic_1164 1381692176 PB ieee/std_logic_arith 1381692177 \
      PB ieee/std_logic_misc 1381692178 PB ieee/STD_LOGIC_UNSIGNED 1381692179
AR work/uart/behavior 1687339820 \
      FL /home/ash-ketchum/Downloads/submission_template/submit/rcs1/uart.vhd \
      EN work/uart 1687339819 CP txmit CP rxcver
